// Vitest Snapshot v1, https://vitest.dev/guide/snapshot.html

exports[`ConsentReviewPage > renders the consent chat shell 1`] = `
<main
  class="consent-container"
>
  <section
    aria-labelledby="consent-heading"
    class="consent-panel"
  >
    <header
      class="consent-header"
    >
      <h1
        id="consent-heading"
      >
        Consent Review
      </h1>
      <p>
        Review what the planner will share and approve the guardrails before the automation proceeds.
      </p>
    </header>
    <div
      aria-label="Consent conversation"
      aria-live="polite"
      class="consent-chat"
      role="log"
    >
      <article
        aria-label="Planner message"
        class="chat-bubble chat-planner"
      >
        <span
          class="chat-author"
        >
          Planner
        </span>
        <p>
          I can confirm your calendar gaps and vendor preferences. Ready for me to book the flight hold and follow up with loyalty support?
        </p>
      </article>
      <article
        aria-label="Planner message"
        class="chat-bubble chat-planner"
      >
        <span
          class="chat-author"
        >
          Planner
        </span>
        <p>
          Spend cap: $300. Data shared: departure time, preferred airlines, and loyalty IDs. Escalation trigger: anything over budget or missing authorization.
        </p>
      </article>
    </div>
    <footer
      class="consent-actions"
    >
      <button
        aria-live="polite"
        class="approve-button"
        type="button"
      >
        Approve and continue
      </button>
      <dl
        aria-label="Policy response summary"
        class="decision-callout"
      >
        <dt>
          Audit reference
        </dt>
        <dd>
          Pending
        </dd>
        <dt>
          Status
        </dt>
        <dd>
          Awaiting response
        </dd>
      </dl>
    </footer>
  </section>
</main>
`;
